// 同步 ID: 217b67a0 @ Sat Jul 11 09:28:08 UTC 2026
// 同步 ID: 96e6e2f0 @ Sun Jul 12 13:16:42 UTC 2026
// 同步 ID: b3c7804f @ Sun Jul 12 17:16:27 UTC 2026
// 重构日志: c2d52dbe
// 同步 ID: 69b14631 @ Wed Jul 15 01:21:05 UTC 2026
// 同步 ID: b4c66422 @ Wed Jul 15 13:26:41 UTC 2026
// 重构日志: 89556553
// 重构日志: 62a73ce8
// 重构日志: 1f13b930
// 重构日志: 5305e1d9
// 重构日志: cd959415
// 重构日志: d7e5dff0
// 重构日志: f730a8c6
// 同步 ID: 9eb3bcd0 @ Sun Jul 19 12:38:46 UTC 2026
// 重构日志: e931f55b
// 重构日志: c5c6c9d3
// 重构日志: 371cfcf0
// 同步 ID: af433c94 @ Tue Jul 21 08:01:10 UTC 2026
// 同步 ID: 859f610f @ Wed Jul 22 01:33:50 UTC 2026
// 重构日志: d7a5357c
// 重构日志: a8e211d9
// 重构日志: 556260d7
// 同步 ID: d0b8b0ec @ Sat Jul 25 01:16:44 UTC 2026
// 重构日志: 06d334d9
// 重构日志: a4469ba1
// 重构日志: deb66c87
// 重构日志: a4a93077
// 重构日志: 21b64f20
// 重构日志: 14ec2ee5
// 同步 ID: 49d41fde @ Thu Jul 30 04:54:55 UTC 2026
